 
 gcc -g p1original.c
 
 gcc -g p1original.c
 
 gcc -g p1original.c
 gdb ./a.out
GNU gdb (Ubuntu 8.1.1-0ubuntu1) 8.1.1
Copyright (C) 2018 Free Software Foundation, Inc.
License GPLv3+: GNU GPL version 3 or later <http://gnu.org/licenses/gpl.html>
This is free software: you are free to change and redistribute it.
There is NO WARRANTY, to the extent permitted by law.  Type "show copying"
and "show warranty" for details.
This GDB was configured as "x86_64-linux-gnu".
Type "show configuration" for configuration details.
For bug reporting instructions, please see:
<http://www.gnu.org/software/gdb/bugs/>.
Find the GDB manual and other documentation resources online at:
<http://www.gnu.org/software/gdb/documentation/>.
For help, type "help".
Type "apropos word" to search for commands related to "word"...
Reading symbols from ./a.out...done.
(gdb) b main
Breakpoint 1 at 0x7cd: file p1original.c, line 19.
(gdb) r
Starting program: /home/runner/ppa-IA2-practice2/a.out 
warning: Error disabling address space randomization: Operation not permitted

Breakpoint 1, main () at p1original.c:19
19  {
(gdb) n
21    input(&x,&y);
(gdb) s
input (base=0x7ffd9fee695c, height=0x7ffd9fee6960) at p1original.c:4
4     printf("Enter the value of height and Base:");
(gdb) n
5     scanf("%f %f",base,height);
(gdb) n
Enter the value of height and Base:5
4
6   }
(gdb) n
main () at p1original.c:22
22    find_area(x,y,&z);
(gdb) s
find_area (base=5, height=4, area=0x7ffd9fee6964) at p1original.c:10
10    *area=0.5*base*height;
(gdb) n
11  }
(gdb) n
main () at p1original.c:23
23    output(x,y,z);
(gdb) s
output (base=5, height=4, area=10) at p1original.c:15
15    printf("Area of triangle is:%f",area);
(gdb) n
16  }
(gdb) n
main () at p1original.c:24
24    return 0;
(gdb) n
25  }(gdb) q
A debugging session is active.

    Inferior 1 [process 389] will be killed.

Quit anyway? (y or n) y
 ^C